// Jest Snapshot v1, https://goo.gl/fbAQLP

exports[`App.vue is a Vue instance 1`] = `
<v-app-stub id="app">
  <v-progress-linear-stub color="deep-orange accent-4" value="0" active="true" buffervalue="100" height="6" indeterminate="true" rounded="true"></v-progress-linear-stub>
</v-app-stub>
`;
